(module
  (type $add_type (func (param i32) (param i32) (result i32)))
  (table 4 funcref)
  (elem (i32.const 1) 1) ;; $dead_func in position 2 got deleted
  (elem (i32.const 3) 2) ;; index shifted to still reference add 
  (func (export "main") (result i32)
    call 1
    i32.const 3
    (call_indirect (type $add_type) (i32.const 3)) ;; call add
  )
  (func (result i32) ;; const_1
    i32.const 1
  )
  (func (type $add_type) ;; add
    local.get 0
    local.get 1
    i32.add)
)
