(module
  (type $func_type (func (param i32) (result i32)))
  (memory $memory 1)
  (func $func (result i32) (local $loc1 i32)
    i32.const 0
    if (result i32)
      unreachable
    else
      i32.const 0
    end
    i32.load
    local.set 0 ;; shifted
    local.get 0
  )
  (func (export "main") (type $func_type)
    i32.const 0
    local.get 0
    i32.store

    i32.const 0
    drop
    call $func
  )
)
